// Jest Snapshot v1, https://goo.gl/fbAQLP

exports[`Category Component matches snapshot 1`] = `
<DocumentFragment>
  <section
    aria-labelledby="category-heading"
    class="category-section"
  >
    <h2
      class="sidebar-title"
      id="category-heading"
    >
      Category
    </h2>
    <fieldset
      class="category-options"
    >
      <legend
        class="sr-only"
      >
        Select an item category
      </legend>
      <label
        class="sidebar-label-container"
      >
        <input
          name="category"
          type="radio"
          value=""
        />
        <em
          aria-hidden="true"
          class="checkmark"
        />
        All
      </label>
      <label
        class="sidebar-label-container"
      >
        <input
          checked=""
          name="category"
          type="radio"
          value="Ceramics"
        />
        <em
          aria-hidden="true"
          class="checkmark"
        />
        Ceramics
      </label>
      <label
        class="sidebar-label-container"
      >
        <input
          name="category"
          type="radio"
          value="Jewelry"
        />
        <em
          aria-hidden="true"
          class="checkmark"
        />
        Jewelry
      </label>
      <label
        class="sidebar-label-container"
      >
        <input
          name="category"
          type="radio"
          value="textile"
        />
        <em
          aria-hidden="true"
          class="checkmark"
        />
        Textile
      </label>
      <label
        class="sidebar-label-container"
      >
        <input
          name="category"
          type="radio"
          value="woodwork"
        />
        <em
          aria-hidden="true"
          class="checkmark"
        />
        Woodwork
      </label>
      <label
        class="sidebar-label-container"
      >
        <input
          name="category"
          type="radio"
          value="other"
        />
        <em
          aria-hidden="true"
          class="checkmark"
        />
        other
      </label>
    </fieldset>
  </section>
</DocumentFragment>
`;
